------------------------------------------------------------
Timing Analyzer Summary
------------------------------------------------------------

Type  : Slow 1100mV 85C Model Setup 'clk'
Slack : -0.480
TNS   : -1.680

Type  : Slow 1100mV 85C Model Hold 'clk'
Slack : 0.548
TNS   : 0.000

Type  : Slow 1100mV 85C Model Minimum Pulse Width 'clk'
Slack : -0.724
TNS   : -4.425

Type  : Slow 1100mV 0C Model Setup 'clk'
Slack : -0.530
TNS   : -1.951

Type  : Slow 1100mV 0C Model Hold 'clk'
Slack : 0.551
TNS   : 0.000

Type  : Slow 1100mV 0C Model Minimum Pulse Width 'clk'
Slack : -0.724
TNS   : -4.526

Type  : Fast 1100mV 85C Model Setup 'clk'
Slack : 0.382
TNS   : 0.000

Type  : Fast 1100mV 85C Model Hold 'clk'
Slack : 0.182
TNS   : 0.000

Type  : Fast 1100mV 85C Model Minimum Pulse Width 'clk'
Slack : -0.079
TNS   : -0.312

Type  : Fast 1100mV 0C Model Setup 'clk'
Slack : 0.411
TNS   : 0.000

Type  : Fast 1100mV 0C Model Hold 'clk'
Slack : 0.171
TNS   : 0.000

Type  : Fast 1100mV 0C Model Minimum Pulse Width 'clk'
Slack : -0.081
TNS   : -0.318

------------------------------------------------------------
